INFO: Created TensorFlow Lite XNNPACK delegate for CPU.
airflow_modified: recording 300 seconds at verified 100% PWM.
{"phase": "airflow_modified", "elapsed_s": 30.0, "target_s": 300}
{"phase": "airflow_modified", "elapsed_s": 60.0, "target_s": 300}
{"phase": "airflow_modified", "elapsed_s": 90.0, "target_s": 300}
{"phase": "airflow_modified", "elapsed_s": 120.0, "target_s": 300}
{"phase": "airflow_modified", "elapsed_s": 150.0, "target_s": 300}
{"phase": "airflow_modified", "elapsed_s": 180.0, "target_s": 300}
{"phase": "airflow_modified", "elapsed_s": 210.0, "target_s": 300}
{"phase": "airflow_modified", "elapsed_s": 240.0, "target_s": 300}
{"phase": "airflow_modified", "elapsed_s": 270.0, "target_s": 300}
{"phase": "airflow_modified", "elapsed_s": 300.0, "target_s": 300}
PWM set to verified 0%; phase capture ended.
{
  "phase": "airflow_modified",
  "status": "completed",
  "metrics": {
    "rms": {
      "total_windows": 194,
      "valid_windows": 194,
      "invalid_windows": 0,
      "alarm_windows": 194,
      "alarm_fraction": 1.0,
      "mean_score": 2.7803287644491013,
      "threshold": 1.2747695377144315
    },
    "isolation_forest": {
      "total_windows": 194,
      "valid_windows": 194,
      "invalid_windows": 0,
      "alarm_windows": 194,
      "alarm_fraction": 1.0,
      "mean_score": 0.6247229281976049,
      "threshold": 0.5045395247064507
    },
    "tflite_autoencoder": {
      "total_windows": 194,
      "valid_windows": 194,
      "invalid_windows": 0,
      "alarm_windows": 194,
      "alarm_fraction": 1.0,
      "mean_score": 7.363184499512429,
      "threshold": 0.544357966122261
    }
  }
}
