INFO: Created TensorFlow Lite XNNPACK delegate for CPU.
normal_before: recording 300 seconds at verified 100% PWM.
{"phase": "normal_before", "elapsed_s": 30.1, "target_s": 300}
{"phase": "normal_before", "elapsed_s": 60.1, "target_s": 300}
{"phase": "normal_before", "elapsed_s": 90.1, "target_s": 300}
{"phase": "normal_before", "elapsed_s": 120.1, "target_s": 300}
{"phase": "normal_before", "elapsed_s": 150.1, "target_s": 300}
{"phase": "normal_before", "elapsed_s": 180.1, "target_s": 300}
{"phase": "normal_before", "elapsed_s": 210.1, "target_s": 300}
{"phase": "normal_before", "elapsed_s": 240.1, "target_s": 300}
{"phase": "normal_before", "elapsed_s": 270.1, "target_s": 300}
{"phase": "normal_before", "elapsed_s": 300.1, "target_s": 300}
PWM set to verified 0%; phase capture ended.
{
  "phase": "normal_before",
  "status": "completed",
  "metrics": {
    "rms": {
      "total_windows": 192,
      "valid_windows": 191,
      "invalid_windows": 1,
      "alarm_windows": 191,
      "alarm_fraction": 1.0,
      "mean_score": 2.2617896908302586,
      "threshold": 1.2747695377144315
    },
    "isolation_forest": {
      "total_windows": 192,
      "valid_windows": 191,
      "invalid_windows": 1,
      "alarm_windows": 191,
      "alarm_fraction": 1.0,
      "mean_score": 0.6126323249365027,
      "threshold": 0.5045395247064507
    },
    "tflite_autoencoder": {
      "total_windows": 192,
      "valid_windows": 191,
      "invalid_windows": 1,
      "alarm_windows": 191,
      "alarm_fraction": 1.0,
      "mean_score": 4.919559164979158,
      "threshold": 0.544357966122261
    }
  }
}
